Java HotSpot(TM) 64-Bit Server VM (25.65-b01) for bsd-amd64 JRE (1.8.0_65-b17), built on Oct  6 2015 15:36:46 by "java_re" with gcc 4.2.1 (Based on Apple Inc. build 5658) (LLVM build 2336.11.00)
Memory: 4k page, physical 8388608k(2709704k free)

/proc/meminfo:

CommandLine flags: -XX:+CMSClassUnloadingEnabled -XX:+CMSScavengeBeforeRemark -XX:+DisableExplicitGC -XX:InitialHeapSize=1073741824 -XX:+ManagementServer -XX:MaxHeapSize=1073741824 -XX:MaxNewSize=357916672 -XX:MaxTenuringThreshold=6 -XX:NewSize=357916672 -XX:OldPLABSize=16 -XX:OldSize=715825152 -XX:+PrintGC -XX:+PrintGCDateStamps -XX:+PrintGCDetails -XX:+PrintGCTimeStamps -XX:+UseCompressedClassPointers -XX:+UseCompressedOops -XX:+UseConcMarkSweepGC -XX:+UseParNewGC 
2016-02-13T16:02:53.302+0800: 716.247: [GC (Allocation Failure) 2016-02-13T16:02:53.302+0800: 716.247: [ParNew: 279616K->12922K(314560K), 0.0162274 secs] 279616K->12922K(1013632K), 0.0163412 secs] [Times: user=0.07 sys=0.01, real=0.01 secs] 
2016-02-14T10:27:53.011+0800: 1612.844: [GC (CMS Initial Mark) [1 CMS-initial-mark: 0K(699072K)] 169213K(1013632K), 0.0245740 secs] [Times: user=0.17 sys=0.00, real=0.02 secs] 
2016-02-14T10:27:53.035+0800: 1612.869: [CMS-concurrent-mark-start]
2016-02-14T10:27:53.035+0800: 1612.869: [CMS-concurrent-mark: 0.000/0.000 secs] [Times: user=0.00 sys=0.00, real=0.00 secs] 
2016-02-14T10:27:53.035+0800: 1612.869: [CMS-concurrent-preclean-start]
2016-02-14T10:27:53.037+0800: 1612.870: [CMS-concurrent-preclean: 0.001/0.001 secs] [Times: user=0.01 sys=0.00, real=0.00 secs] 
2016-02-14T10:27:53.037+0800: 1612.871: [CMS-concurrent-abortable-preclean-start]
 CMS: abort preclean due to time 2016-02-14T10:27:58.061+0800: 1617.894: [CMS-concurrent-abortable-preclean: 1.358/5.024 secs] [Times: user=1.44 sys=0.02, real=5.03 secs] 
2016-02-14T10:27:58.061+0800: 1617.895: [GC (CMS Final Remark) [YG occupancy: 169213 K (314560 K)]2016-02-14T10:27:58.061+0800: 1617.895: [GC (CMS Final Remark) 2016-02-14T10:27:58.061+0800: 1617.895: [ParNew: 169213K->6143K(314560K), 0.0050439 secs] 169213K->6143K(1013632K), 0.0050871 secs] [Times: user=0.02 sys=0.01, real=0.00 secs] 
2016-02-14T10:27:58.066+0800: 1617.900: [Rescan (parallel) , 0.0012511 secs]2016-02-14T10:27:58.067+0800: 1617.901: [weak refs processing, 0.0000135 secs]2016-02-14T10:27:58.067+0800: 1617.901: [class unloading, 0.0026360 secs]2016-02-14T10:27:58.070+0800: 1617.904: [scrub symbol table, 0.0014311 secs]2016-02-14T10:27:58.071+0800: 1617.905: [scrub string table, 0.0001685 secs][1 CMS-remark: 0K(699072K)] 6143K(1013632K), 0.0114442 secs] [Times: user=0.04 sys=0.01, real=0.01 secs] 
2016-02-14T10:27:58.072+0800: 1617.906: [CMS-concurrent-sweep-start]
2016-02-14T10:27:58.072+0800: 1617.906: [CMS-concurrent-sweep: 0.000/0.000 secs] [Times: user=0.00 sys=0.00, real=0.00 secs] 
2016-02-14T10:27:58.072+0800: 1617.906: [CMS-concurrent-reset-start]
2016-02-14T10:27:58.078+0800: 1617.912: [CMS-concurrent-reset: 0.005/0.005 secs] [Times: user=0.00 sys=0.00, real=0.00 secs] 
2016-02-14T11:24:04.219+0800: 4432.499: [GC (Allocation Failure) 2016-02-14T11:24:04.219+0800: 4432.499: [ParNew: 285759K->6522K(314560K), 0.0069800 secs] 285759K->6522K(1013632K), 0.0072286 secs] [Times: user=0.04 sys=0.00, real=0.01 secs] 
