Java HotSpot(TM) 64-Bit Server VM (25.65-b01) for bsd-amd64 JRE (1.8.0_65-b17), built on Oct  6 2015 15:36:46 by "java_re" with gcc 4.2.1 (Based on Apple Inc. build 5658) (LLVM build 2336.11.00)
Memory: 4k page, physical 8388608k(71392k free)

/proc/meminfo:

CommandLine flags: -XX:+DisableExplicitGC -XX:InitialHeapSize=1073741824 -XX:InitiatingHeapOccupancyPercent=35 -XX:+ManagementServer -XX:MaxGCPauseMillis=20 -XX:MaxHeapSize=1073741824 -XX:+PrintGC -XX:+PrintGCDateStamps -XX:+PrintGCDetails -XX:+PrintGCTimeStamps -XX:+UseCompressedClassPointers -XX:+UseCompressedOops -XX:+UseG1GC 
2016-02-13T15:43:40.032+0800: 0.943: [GC pause (G1 Evacuation Pause) (young), 0.0084149 secs]
   [Parallel Time: 4.0 ms, GC Workers: 8]
      [GC Worker Start (ms): Min: 943.2, Avg: 943.3, Max: 943.3, Diff: 0.1]
      [Ext Root Scanning (ms): Min: 0.3, Avg: 0.6, Max: 2.3, Diff: 2.0, Sum: 4.9]
      [Update RS (ms): Min: 0.0, Avg: 0.0, Max: 0.0, Diff: 0.0, Sum: 0.0]
         [Processed Buffers: Min: 0, Avg: 0.0, Max: 0, Diff: 0, Sum: 0]
      [Scan RS (ms): Min: 0.0, Avg: 0.0, Max: 0.0, Diff: 0.0, Sum: 0.0]
      [Code Root Scanning (ms): Min: 0.0, Avg: 0.2, Max: 0.4, Diff: 0.4, Sum: 1.3]
      [Object Copy (ms): Min: 1.5, Avg: 3.0, Max: 3.5, Diff: 2.0, Sum: 23.6]
      [Termination (ms): Min: 0.0, Avg: 0.1, Max: 0.1, Diff: 0.1, Sum: 0.7]
         [Termination Attempts: Min: 1, Avg: 17.0, Max: 35, Diff: 34, Sum: 136]
      [GC Worker Other (ms): Min: 0.0, Avg: 0.1, Max: 0.2, Diff: 0.2, Sum: 0.4]
      [GC Worker Total (ms): Min: 3.8, Avg: 3.9, Max: 3.9, Diff: 0.1, Sum: 30.9]
      [GC Worker End (ms): Min: 947.1, Avg: 947.1, Max: 947.2, Diff: 0.0]
   [Code Root Fixup: 0.2 ms]
   [Code Root Purge: 0.0 ms]
   [Clear CT: 0.1 ms]
   [Other: 4.1 ms]
      [Choose CSet: 0.0 ms]
      [Ref Proc: 3.5 ms]
      [Ref Enq: 0.0 ms]
      [Redirty Cards: 0.1 ms]
      [Humongous Register: 0.1 ms]
      [Humongous Reclaim: 0.0 ms]
      [Free CSet: 0.1 ms]
   [Eden: 51.0M(51.0M)->0.0B(44.0M) Survivors: 0.0B->7168.0K Heap: 51.0M(1024.0M)->7339.0K(1024.0M)]
 [Times: user=0.02 sys=0.01, real=0.01 secs] 
2016-02-13T15:43:40.356+0800: 1.266: [GC pause (G1 Evacuation Pause) (young), 0.0082564 secs]
   [Parallel Time: 5.3 ms, GC Workers: 8]
      [GC Worker Start (ms): Min: 1266.3, Avg: 1266.3, Max: 1266.4, Diff: 0.1]
      [Ext Root Scanning (ms): Min: 0.5, Avg: 0.8, Max: 1.6, Diff: 1.0, Sum: 6.5]
      [Update RS (ms): Min: 0.0, Avg: 0.4, Max: 3.4, Diff: 3.4, Sum: 3.4]
         [Processed Buffers: Min: 0, Avg: 0.1, Max: 1, Diff: 1, Sum: 1]
      [Scan RS (ms): Min: 0.0, Avg: 0.0, Max: 0.0, Diff: 0.0, Sum: 0.1]
      [Code Root Scanning (ms): Min: 0.0, Avg: 0.6, Max: 4.4, Diff: 4.4, Sum: 5.1]
      [Object Copy (ms): Min: 0.0, Avg: 2.3, Max: 3.4, Diff: 3.4, Sum: 18.6]
      [Termination (ms): Min: 0.0, Avg: 1.0, Max: 1.2, Diff: 1.2, Sum: 8.1]
         [Termination Attempts: Min: 1, Avg: 26.8, Max: 48, Diff: 47, Sum: 214]
      [GC Worker Other (ms): Min: 0.0, Avg: 0.0, Max: 0.0, Diff: 0.0, Sum: 0.1]
      [GC Worker Total (ms): Min: 5.2, Avg: 5.2, Max: 5.3, Diff: 0.1, Sum: 41.8]
      [GC Worker End (ms): Min: 1271.6, Avg: 1271.6, Max: 1271.6, Diff: 0.0]
   [Code Root Fixup: 0.2 ms]
   [Code Root Purge: 0.0 ms]
   [Clear CT: 0.1 ms]
   [Other: 2.5 ms]
      [Choose CSet: 0.0 ms]
      [Ref Proc: 2.1 ms]
      [Ref Enq: 0.0 ms]
      [Redirty Cards: 0.1 ms]
      [Humongous Register: 0.0 ms]
      [Humongous Reclaim: 0.0 ms]
      [Free CSet: 0.1 ms]
   [Eden: 44.0M(44.0M)->0.0B(44.0M) Survivors: 7168.0K->7168.0K Heap: 51.2M(1024.0M)->9235.0K(1024.0M)]
 [Times: user=0.05 sys=0.01, real=0.01 secs] 
2016-02-13T15:44:55.010+0800: 75.922: [GC pause (Metadata GC Threshold) (young) (initial-mark), 0.0064794 secs]
   [Parallel Time: 4.1 ms, GC Workers: 8]
      [GC Worker Start (ms): Min: 75921.8, Avg: 75921.8, Max: 75921.9, Diff: 0.1]
      [Ext Root Scanning (ms): Min: 0.9, Avg: 1.0, Max: 1.2, Diff: 0.3, Sum: 8.1]
      [Update RS (ms): Min: 0.0, Avg: 0.5, Max: 1.6, Diff: 1.6, Sum: 3.8]
         [Processed Buffers: Min: 0, Avg: 0.8, Max: 3, Diff: 3, Sum: 6]
      [Scan RS (ms): Min: 0.0, Avg: 0.0, Max: 0.0, Diff: 0.0, Sum: 0.0]
      [Code Root Scanning (ms): Min: 0.0, Avg: 0.3, Max: 1.0, Diff: 1.0, Sum: 2.3]
      [Object Copy (ms): Min: 1.4, Avg: 2.2, Max: 2.9, Diff: 1.4, Sum: 17.7]
      [Termination (ms): Min: 0.0, Avg: 0.0, Max: 0.0, Diff: 0.0, Sum: 0.0]
         [Termination Attempts: Min: 1, Avg: 1.5, Max: 2, Diff: 1, Sum: 12]
      [GC Worker Other (ms): Min: 0.0, Avg: 0.0, Max: 0.0, Diff: 0.0, Sum: 0.1]
      [GC Worker Total (ms): Min: 4.0, Avg: 4.0, Max: 4.1, Diff: 0.1, Sum: 32.0]
      [GC Worker End (ms): Min: 75925.8, Avg: 75925.8, Max: 75925.8, Diff: 0.0]
   [Code Root Fixup: 0.4 ms]
   [Code Root Purge: 0.0 ms]
   [Clear CT: 0.1 ms]
   [Other: 1.8 ms]
      [Choose CSet: 0.0 ms]
      [Ref Proc: 0.8 ms]
      [Ref Enq: 0.0 ms]
      [Redirty Cards: 0.2 ms]
      [Humongous Register: 0.0 ms]
      [Humongous Reclaim: 0.0 ms]
      [Free CSet: 0.2 ms]
   [Eden: 17.0M(44.0M)->0.0B(44.0M) Survivors: 7168.0K->7168.0K Heap: 25.5M(1024.0M)->9235.0K(1024.0M)]
 [Times: user=0.02 sys=0.00, real=0.00 secs] 
2016-02-13T15:44:55.016+0800: 75.929: [GC concurrent-root-region-scan-start]
2016-02-13T15:44:55.020+0800: 75.932: [GC concurrent-root-region-scan-end, 0.0032831 secs]
2016-02-13T15:44:55.020+0800: 75.932: [GC concurrent-mark-start]
2016-02-13T15:44:55.020+0800: 75.932: [GC concurrent-mark-end, 0.0002317 secs]
2016-02-13T15:44:55.020+0800: 75.932: [GC remark 2016-02-13T15:44:55.020+0800: 75.932: [Finalize Marking, 0.0004445 secs] 2016-02-13T15:44:55.021+0800: 75.933: [GC ref-proc, 0.0000780 secs] 2016-02-13T15:44:55.021+0800: 75.933: [Unloading, 0.0058438 secs], 0.0065658 secs]
 [Times: user=0.01 sys=0.01, real=0.00 secs] 
2016-02-13T15:44:55.027+0800: 75.939: [GC cleanup 9755K->7688K(1024M), 0.0013522 secs]
 [Times: user=0.00 sys=0.01, real=0.00 secs] 
